// Jest Snapshot v1, https://goo.gl/fbAQLP

exports[`TourApp renders build information correctly when loaded 1`] = `
<div
  class="root"
  data-testid="build-info"
>
  Build Name: 
  test-build
  <br />
  Build Number: 
  1234567890
  <br />
  Build Date: 
  01/01/2020
  <br />
  Build Apt Repo: 
  test-build-repo
  <br />
  Final Apt Repo: 
  final-test-build-repo
</div>
`;
