// Jest Snapshot v1, https://goo.gl/fbAQLP

exports[`KeyboardPage renders correct image 1`] = `
<img
  alt="keyboard-screen"
  class="image"
  draggable="false"
  src="keyboard-screen.png"
  style="max-height: 100%; max-width: 100%;"
/>
`;

exports[`KeyboardPage renders prompt correctly 1`] = `
<h1
  class="prompt"
>
  QWERTY, 
  <span
    class="green"
  >
    or something else?
  </span>
</h1>
`;
