// Jest Snapshot v1, https://goo.gl/fbAQLP

exports[`WifiPageContainer when networks are loaded successfully when option with password is selected renders dialog message correctly 1`] = `
<h3
  class="messageContainer"
  data-testid="dialog-message"
>
  The WiFi network
  <span
    class="green"
  >
    password-protected-ssid
  </span>

  requires
   a password
</h3>
`;
