// Jest Snapshot v1, https://goo.gl/fbAQLP

exports[`SplashPage renders correct title 1`] = `
<h1
  class="title"
  data-testid="choice-title"
>
  Welcome! What type of 
  <span
    class="green"
  >
    user
  </span>
   are you?
</h1>
`;

exports[`SplashPage renders user-type options for user to select 1`] = `
<div
  class="options"
  data-testid="choice-options"
>
  <div
    class="root card"
  >
    <h2
      class="label"
    >
      Teacher
    </h2>
    <button
      aria-label="Teacher"
      class="card unstyled"
      type="button"
    >
      <img
        alt="Teacher"
        class="image"
        src="teacher.jpg"
      />
    </button>
  </div>
  <div
    class="root card"
  >
    <h2
      class="label"
    >
      Home
    </h2>
    <button
      aria-label="Home"
      class="card unstyled"
      type="button"
    >
      <img
        alt="Home"
        class="image"
        src="home.jpg"
      />
    </button>
  </div>
</div>
`;
