// Jest Snapshot v1, https://goo.gl/fbAQLP

exports[`<Input /> handleChange method renders label correctly when passed 1`] = `
<label
  className="label"
  htmlFor="input"
>
  Hello World
</label>
`;

exports[`<Input /> helpText renders help text correctly when passed 1`] = `
<span
  className="helpText"
>
  Help text string
</span>
`;
