// Jest Snapshot v1, https://goo.gl/fbAQLP

exports[`LanguagePage renders correct image 1`] = `
<img
  alt="language-screen-banner"
  class="image"
  draggable="false"
  src="intro-screen.png"
  style="max-height: 100%; max-width: 100%;"
/>
`;

exports[`LanguagePage renders prompt correctly 1`] = `
<h1
  class="prompt"
>
  Me too! What 
  <span
    class="green"
  >
    language
  </span>
   shall we use?
</h1>
`;
