// Jest Snapshot v1, https://goo.gl/fbAQLP

exports[`TermsPage renders correct image 1`] = `
<img
  alt="terms-screen-banner"
  class="image"
  draggable="false"
  src="terms-and-conditions-screen.png"
  style="max-height: 100%; max-width: 100%;"
/>
`;

exports[`TermsPage renders prompt correctly 1`] = `
<h1
  class="prompt"
>
  OK, here are our
  <span
    class="green"
  >
    terms & conditions
  </span>
   - you'll need to agree to them
</h1>
`;
